isr/__init__.py
isr/core/__init__.py
isr/core/graph.py
isr/core/identity.py
isr/core/invariants.py
isr/core/revision.py
isr/ports/__init__.py
isr/ports/reader.py
isr/ports/store.py
isr/schema/__init__.py
isr/schema/versions.py
isr/adapters/__init__.py
isr/adapters/inmemory.py
reqgraph/__init__.py
reqgraph/core/__init__.py
reqgraph/core/graph.py
reqgraph/core/invariants.py
genesis/__init__.py
genesis/mapper.py
genesis/validator.py
genesis/evidence.py
tests/v12/test_isr_gates.py
tests/v12/test_genesis_gates.py
release/run-v1.2-gates.sh
release/gates/v1.2/check_storage_independence.py
docs/adr/ADR-008-isr-core-schema-and-ports.md
docs/adr/ADR-009-requirement-graph-genesis-protocol.md
