certification/__init__.py
certification/core/__init__.py
certification/core/trial.py
certification/core/metrics.py
certification/stages/__init__.py
certification/stages/protocols.py
certification/stages/docker_stages.py
certification/stages/independent_verify.py
certification/corpus/__init__.py
certification/corpus/corpus.py
certification/campaign/__init__.py
certification/campaign/runner.py
certification/campaign/plan_builder.py
certification/campaign/campaign_a.py
certification/campaign/verify_campaign.py
certification/evidence/__init__.py
certification/evidence/ledger.py
certification/provenance/__init__.py
certification/provenance/bundle.py
compiler/core/protocol.py
compiler/backends/python_fastapi.py
compiler/backends/rust_axum.py
tests/cbc1/__init__.py
tests/cbc1/test_cbc1_gates.py
tests/cbc1/test_campaign_a.py
tests/cbc1/test_plan_builder.py
tests/cbc1/test_backend_class.py
tests/cbc1/test_provenance_bundle.py
release/gates/cbc1/check_certification_independence.py
release/run-campaign-a.sh
