identity/__init__.py
identity/core/__init__.py
identity/core/principal.py
identity/core/autonomous_action.py
identity/ports/__init__.py
identity/ports/user_store.py
identity/ports/session_store.py
identity/ports/token_verifier.py
identity/ports/factor_verifier.py
identity/auth/__init__.py
identity/auth/password.py
identity/auth/totp.py
identity/auth/recovery.py
identity/auth/session.py
identity/auth/protocols.py
identity/auth/email_authenticator.py
identity/auth/mfa_authenticator.py
identity/auth/github_federation.py
identity/auth/session_manager.py
identity/auth/service.py
identity/auth/webauthn/__init__.py
identity/auth/webauthn/verifier.py
identity/auth/oidc/__init__.py
identity/auth/oidc/jwks_verifier.py
identity/capabilities/__init__.py
identity/capabilities/grants.py
identity/capabilities/authorization.py
identity/evidence/__init__.py
identity/evidence/action_recorder.py
identity/stores/__init__.py
identity/stores/memory.py
identity/composition.py
tests/identity/__init__.py
tests/identity/test_identity_gates.py
release/gates/identity/check_identity_independence.py
